MAP
  NAME          "Natura2000"
  INCLUDE       "header.inc"

  WEB
    METADATA
      "ows_title"               "Natura2000"
      "ows_abstract"            "Samenvatting: Natura 2000 is het samenhangend netwerk van beschermde natuurgebieden in de Europese Unie bestaande uit Vogelrichtlijn- en Habitatrichtlijngebieden. Natura 2000-gebieden zijn een samenvoeging van beide en de daarin gelegen beschermde natuurmonumenten. In Nederland gaat het om 163 gebieden waarvan drie mariene gebieden in de Exclusieve Economische Zone (EEZ) op de Noordzee (incl. een voorgenomen Vogelrichtlijngebied in de EEZ). De Vogelrichtlijngebieden zijn merendeels aangewezen in de periode 1986-2000. De Habitatrichtlijngebieden worden aangewezen met de aanwijzing van de betreffende Natura 2000-gebieden. Deze service bevat de grenzen van de definitief aangewezen gebieden en de grenzen conform het ontwerp-besluit van de meeste overige gebieden. Voor enkele Habitatrichtlijngebieden waarvoor nog geen ontwerp-besluiten zijn gepubliceerd, bevat deze service de grenzen zoals die aan de Europese Commissie gemeld zijn."
      "ows_keywordlist"         "Natuur,Habitatrichtlijn,Vogelrichtlijn,Natuurmonumenten,Natura2000,Beschermde gebieden"	 

	  "wms_inspire_capabilities" "url"
	  "wms_languages" "eng"               #first default, values according ISO 639-2/B
	  "wms_extent" 				"5000 250000 280000 725000"	  

	  "wms_inspire_metadataurl_href" "http://www.nationaalgeoregister.nl/geonetwork/srv/eng/csw?service=CSW&version=2.0.2&request=GetRecordById&outputschema=http://www.isotc211.org/2005/gmd&elementsetname=full&id=9c80458b-12c6-4d38-8f6d-387ab6e4ed21"
	  "wms_inspire_metadataurl_format" "application/vnd.ogc.csw.GetRecordByIdResponse_xml"
	  "wms_inspire_dsid_code" "32b1eb9e-c54f-4598-92d2-328eb77fa0d3"

	  "wms_namespace_prefix" "natura2000"
	  "wms_namespace_uri" "http://natura2000.geonovum.nl"

	  #"wfs_enable_request" "* !GetCapabilities" #disable getcapabilities
    END
  END

  SYMBOL
    NAME "hatchsymbol"
	TYPE hatch
  END
  
  LAYER
    NAME "natura2000"
    STATUS ON
    TYPE POLYGON

    METADATA
      "ows_title"               "natura2000"	  
      "gml_include_items"       "all"
      "gml_geometries"          "geom"
      "wfs_featureid"     		"msFID" 
	  "wms_extent" 				"5000 250000 280000 725000"
	  "wms_abstract"			"Natura2000 Beschermde gebieden"
      "gml_exclude_items" 		"msFID" 
      "gml_include_items" 		"all" 	  
      "ows_metadataurl_type"    "TC211"
      "ows_metadataurl_format"  "text/plain"
      "ows_metadataurl_href"    "https://www.nationaalgeoregister.nl/geonetwork/srv/dut/xml.metadata.get?uuid=8829e5dd-c861-4639-a6c8-fdbb6e3440d2"
    END

    INCLUDE "style.inc"	

    CONNECTIONTYPE OGR
    CONNECTION "/srv/data/natura2000.gpkg"
    DATA "select fid as msFID, * from natura2000"
    PROCESSING "CLOSE_CONNECTION=DEFER"

    DUMP TRUE
    TEMPLATE void	

  END # LAYER

END # MAP